// Jest Snapshot v1, https://goo.gl/fbAQLP

exports[`should match the snapshot 1`] = `
<div
  className="checkButtonWrapper"
  onKeyDown={[Function]}
  tabIndex={0}
>
  <div
    className="description"
  >
    Test check section
  </div>
  <div
    className="buttons"
  >
    <button
      className="checkButton inactive"
      disabled={false}
      onClick={[Function]}
    >
      Yes
    </button>
    <button
      className="checkButton inactive"
      disabled={false}
      onClick={[Function]}
    >
      No
    </button>
  </div>
</div>
`;
