// Jest Snapshot v1, https://goo.gl/fbAQLP

exports[`should match the snapshot 1`] = `
<div
  className="infoScreenWrapper"
>
  <div>
    ðŸ’€
  </div>
  <div>
    Info screen text
  </div>
  <button
    className="Button"
    disabled={false}
    onClick={[Function]}
  >
    Click me
  </button>
</div>
`;
